// Jest Snapshot v1, https://goo.gl/fbAQLP

exports[`Entry View should show entry correctly 1`] = `
<div class="entry-title d-flex justify-content-between p-2">
  <div><span class="text-success fs-3 fw-bold">23</span><span class="mx-1 fs-3">Julio</span><span class="mx-2 fs-4 fw-light">2021, Viernes</span></div>
  <div><button class="btn btn-danger mx-2"> Delete <i class="fa fa-trash-alt"></i></button><input type="file" accept="image/png, image/jpeg" style="display: none;"><button class="btn btn-primary mx-2"> Upload photo <i class="fa fa-upload"></i></button></div>
</div>
<hr>
<div class="d-flex flex-column px-3 h-75"><textarea>What's happening?</textarea></div>
<img src="https://res.cloudinary.com/dx0pryfzn/image/upload/v1627077252/ip3vwn8sjvnncphqka4y.jpg" alt="entry-picture" class="img-thumbnail">
<!--v-if-->
<fab-stub icon="fa-save"></fab-stub>
`;
