// Jest Snapshot v1, https://goo.gl/fbAQLP

exports[`About View  should render About view 1`] = `
<div class="about">
  <h1>This is an about page</h1>
</div>
`;
