// Jest Snapshot v1, https://goo.gl/fbAQLP

exports[`Home view should match with snapshot 1`] = `<div class="home"><img alt="Vue logo" src=""><button class="btn btn-primary">Go to Daybook</button></div>`;
